#-----------------------------------------------------------
# Vivado v2020.1 (64-bit)
# SW Build 2902540 on Wed May 27 19:54:49 MDT 2020
# IP Build 2902112 on Wed May 27 22:43:36 MDT 2020
# Start of session at: Sun Sep 27 22:05:18 2026
# Process ID: 19000
# Current directory: C:/Users/abbas/Vivado/CA Labs/Lab 05
# Command line: vivado.exe -gui_launcher_event rodinguilauncherevent9736 C:\Users\abbas\Vivado\CA Labs\Lab 05\Lab 05.xpr
# Log file: C:/Users/abbas/Vivado/CA Labs/Lab 05/vivado.log
# Journal file: C:/Users/abbas/Vivado/CA Labs/Lab 05\vivado.jou
#-----------------------------------------------------------
start_gui
open_project {C:/Users/abbas/Vivado/CA Labs/Lab 05/Lab 05.xpr}
Scanning sources...
Finished scanning sources
WARNING: [filemgmt 56-3] Default IP Output Path : Could not find the directory 'C:/Users/abbas/Vivado/CA Labs/Lab 05/Lab 05.srcs/sources_1'.
INFO: [IP_Flow 19-234] Refreshing IP repositories
INFO: [IP_Flow 19-1704] No user IP repositories specified
INFO: [IP_Flow 19-2313] Loaded Vivado IP repository 'C:/Xilinx/Vivado/2020.1/data/ip'.
open_project: Time (s): cpu = 00:00:19 ; elapsed = 00:00:10 . Memory (MB): peak = 1027.004 ; gain = 0.000
update_compile_order -fileset sources_1
export_ip_user_files -of_objects  [get_files {{C:/Users/abbas/Vivado/CA Labs/Lab 05/sources_export/skeleton_top_fsm.v}}] -no_script -reset -force -quiet
remove_files  {{C:/Users/abbas/Vivado/CA Labs/Lab 05/sources_export/skeleton_top_fsm.v}}
export_ip_user_files -of_objects  [get_files {{C:/Users/abbas/Vivado/CA Labs/Lab 05/sources_export/debouncer.v}}] -no_script -reset -force -quiet
remove_files  {{C:/Users/abbas/Vivado/CA Labs/Lab 05/sources_export/debouncer.v}}
export_ip_user_files -of_objects  [get_files {{C:/Users/abbas/Vivado/CA Labs/Lab 05/sources_export/leds.v}}] -no_script -reset -force -quiet
remove_files  {{C:/Users/abbas/Vivado/CA Labs/Lab 05/sources_export/leds.v}}
update_compile_order -fileset sources_1
export_ip_user_files -of_objects  [get_files {{C:/Users/abbas/Vivado/CA Labs/Lab 05/sources_export/clock_divider.v}}] -no_script -reset -force -quiet
remove_files  {{C:/Users/abbas/Vivado/CA Labs/Lab 05/sources_export/clock_divider.v}}
remove_files  {{C:/Users/abbas/Vivado/CA Labs/Lab 05/sources_export/clock_divider.v}}
WARNING: [Vivado 12-818] No files matched 'C:/Users/abbas/Vivado/CA Labs/Lab 05/sources_export/clock_divider.v'
export_ip_user_files -of_objects  [get_files {{C:/Users/abbas/Vivado/CA Labs/Lab 05/sources_export/switches.v}}] -no_script -reset -force -quiet
remove_files  {{C:/Users/abbas/Vivado/CA Labs/Lab 05/sources_export/switches.v}}
add_files -norecurse {{C:/Users/abbas/Vivado/CA Labs/Lab 05/srcs/switches.v} {C:/Users/abbas/Vivado/CA Labs/Lab 05/srcs/leds.v} {C:/Users/abbas/Vivado/CA Labs/Lab 05/srcs/debouncer.v} {C:/Users/abbas/Vivado/CA Labs/Lab 05/srcs/skeleton_top_fsm.v} {C:/Users/abbas/Vivado/CA Labs/Lab 05/srcs/clock_divider.v}}
update_compile_order -fileset sources_1
file mkdir C:/Users/abbas/Vivado/CA Labs/Lab 05/Lab 05.srcs/sim_1/new
file mkdir C:/Users/abbas/Vivado/CA Labs/Lab 05/Lab 05.srcs/sim_1/new
file mkdir C:/Users/abbas/Vivado/CA Labs/Lab 05/Lab 05.srcs/sim_1/new
file mkdir C:/Users/abbas/Vivado/CA Labs/Lab 05/Lab 05.srcs/sim_1/new
file mkdir C:/Users/abbas/Vivado/CA Labs/Lab 05/Lab 05.srcs/sim_1/new
set_property SOURCE_SET sources_1 [get_filesets sim_1]
file mkdir C:/Users/abbas/Vivado/CA Labs/Lab 05/Lab 05.srcs/sim_1/new
file mkdir {C:/Users/abbas/Vivado/CA Labs/Lab 05/Lab 05.srcs/sim_1/new}
close [ open {C:/Users/abbas/Vivado/CA Labs/Lab 05/Lab 05.srcs/sim_1/new/tb_top_fsm.v} w ]
add_files -fileset sim_1 {{C:/Users/abbas/Vivado/CA Labs/Lab 05/Lab 05.srcs/sim_1/new/tb_top_fsm.v}}
update_compile_order -fileset sim_1
update_compile_order -fileset sim_1
launch_simulation
Command: launch_simulation 
INFO: [Vivado 12-5682] Launching behavioral simulation in 'C:/Users/abbas/Vivado/CA Labs/Lab 05/Lab 05.sim/sim_1/behav/xsim'
INFO: [SIM-utils-51] Simulation object is 'sim_1'
INFO: [SIM-utils-54] Inspecting design source files for 'tb_top_fsm' in fileset 'sim_1'...
INFO: [USF-XSim-97] Finding global include files...
INFO: [USF-XSim-98] Fetching design files from 'sim_1'...
INFO: [USF-XSim-2] XSim::Compile design
INFO: [USF-XSim-61] Executing 'COMPILE and ANALYZE' step in 'C:/Users/abbas/Vivado/CA Labs/Lab 05/Lab 05.sim/sim_1/behav/xsim'
"xvlog --incr --relax -prj tb_top_fsm_vlog.prj"
INFO: [VRFC 10-2263] Analyzing Verilog file "C:/Users/abbas/Vivado/CA Labs/Lab 05/srcs/clock_divider.v" into library xil_defaultlib
INFO: [VRFC 10-311] analyzing module clock_divider
INFO: [VRFC 10-2263] Analyzing Verilog file "C:/Users/abbas/Vivado/CA Labs/Lab 05/srcs/debouncer.v" into library xil_defaultlib
INFO: [VRFC 10-311] analyzing module debouncer
INFO: [VRFC 10-2263] Analyzing Verilog file "C:/Users/abbas/Vivado/CA Labs/Lab 05/srcs/leds.v" into library xil_defaultlib
INFO: [VRFC 10-311] analyzing module leds
INFO: [VRFC 10-2263] Analyzing Verilog file "C:/Users/abbas/Vivado/CA Labs/Lab 05/srcs/skeleton_top_fsm.v" into library xil_defaultlib
INFO: [VRFC 10-311] analyzing module top_fsm_system
INFO: [VRFC 10-2263] Analyzing Verilog file "C:/Users/abbas/Vivado/CA Labs/Lab 05/srcs/switches.v" into library xil_defaultlib
INFO: [VRFC 10-311] analyzing module switches
INFO: [VRFC 10-2263] Analyzing Verilog file "C:/Users/abbas/Vivado/CA Labs/Lab 05/Lab 05.srcs/sim_1/new/tb_top_fsm.v" into library xil_defaultlib
INFO: [VRFC 10-311] analyzing module tb_top_fsm
INFO: [VRFC 10-2263] Analyzing Verilog file "C:/Users/abbas/Vivado/CA Labs/Lab 05/Lab 05.sim/sim_1/behav/xsim/glbl.v" into library xil_defaultlib
INFO: [VRFC 10-311] analyzing module glbl
run_program: Time (s): cpu = 00:00:01 ; elapsed = 00:00:07 . Memory (MB): peak = 1027.004 ; gain = 0.000
INFO: [USF-XSim-69] 'compile' step finished in '7' seconds
INFO: [USF-XSim-3] XSim::Elaborate design
INFO: [USF-XSim-61] Executing 'ELABORATE' step in 'C:/Users/abbas/Vivado/CA Labs/Lab 05/Lab 05.sim/sim_1/behav/xsim'
"xelab -wto d84198c00aec4dd195bbe9f9b2a16950 --incr --debug typical --relax --mt 2 -L xil_defaultlib -L unisims_ver -L unimacro_ver -L secureip --snapshot tb_top_fsm_behav xil_defaultlib.tb_top_fsm xil_defaultlib.glbl -log elaborate.log"
Vivado Simulator 2020.1
Copyright 1986-1999, 2001-2020 Xilinx, Inc. All Rights Reserved.
Running: C:/Xilinx/Vivado/2020.1/bin/unwrapped/win64.o/xelab.exe -wto d84198c00aec4dd195bbe9f9b2a16950 --incr --debug typical --relax --mt 2 -L xil_defaultlib -L unisims_ver -L unimacro_ver -L secureip --snapshot tb_top_fsm_behav xil_defaultlib.tb_top_fsm xil_defaultlib.glbl -log elaborate.log 
Using 2 slave threads.
Starting static elaboration
Pass Through NonSizing Optimizer
Completed static elaboration
Starting simulation data flow analysis
Completed simulation data flow analysis
Time Resolution for simulation is 1ps
Compiling module xil_defaultlib.debouncer
Compiling module xil_defaultlib.leds
Compiling module xil_defaultlib.switches
Compiling module xil_defaultlib.clock_divider
Compiling module xil_defaultlib.top_fsm_system
Compiling module xil_defaultlib.tb_top_fsm
Compiling module xil_defaultlib.glbl
Built simulation snapshot tb_top_fsm_behav

****** Webtalk v2020.1 (64-bit)
  **** SW Build 2902540 on Wed May 27 19:54:49 MDT 2020
  **** IP Build 2902112 on Wed May 27 22:43:36 MDT 2020
    ** Copyright 1986-2020 Xilinx, Inc. All Rights Reserved.

source C:/Users/abbas/Vivado/CA -notrace
couldn't read file "C:/Users/abbas/Vivado/CA": permission denied
INFO: [Common 17-206] Exiting Webtalk at Sun Sep 27 22:52:55 2026...
run_program: Time (s): cpu = 00:00:00 ; elapsed = 00:00:10 . Memory (MB): peak = 1027.004 ; gain = 0.000
INFO: [USF-XSim-69] 'elaborate' step finished in '10' seconds
INFO: [USF-XSim-4] XSim::Simulate design
INFO: [USF-XSim-61] Executing 'SIMULATE' step in 'C:/Users/abbas/Vivado/CA Labs/Lab 05/Lab 05.sim/sim_1/behav/xsim'
INFO: [USF-XSim-98] *** Running xsim
   with args "tb_top_fsm_behav -key {Behavioral:sim_1:Functional:tb_top_fsm} -tclbatch {tb_top_fsm.tcl} -log {simulate.log}"
INFO: [USF-XSim-8] Loading simulator feature
Vivado Simulator 2020.1
Time resolution is 1 ps
source tb_top_fsm.tcl
# set curr_wave [current_wave_config]
# if { [string length $curr_wave] == 0 } {
#   if { [llength [get_objects]] > 0} {
#     add_wave /
#     set_property needs_save false [current_wave_config]
#   } else {
#      send_msg_id Add_Wave-1 WARNING "No top level signals found. Simulator will start without a wave window. If you want to open a wave window go to 'File->New Waveform Configuration' or type 'create_wave_config' in the TCL console."
#   }
# }
# run 1000ns
$finish called at time : 780 ns : File "C:/Users/abbas/Vivado/CA Labs/Lab 05/Lab 05.srcs/sim_1/new/tb_top_fsm.v" Line 50
xsim: Time (s): cpu = 00:00:09 ; elapsed = 00:00:12 . Memory (MB): peak = 1027.004 ; gain = 0.000
INFO: [USF-XSim-96] XSim completed. Design snapshot 'tb_top_fsm_behav' loaded.
INFO: [USF-XSim-97] XSim simulation ran for 1000ns
launch_simulation: Time (s): cpu = 00:00:12 ; elapsed = 00:00:31 . Memory (MB): peak = 1027.004 ; gain = 0.000
synth_design -rtl -name rtl_1
Command: synth_design -rtl -name rtl_1
Starting synth_design
Using part: xc7a35tcpg236-1
Top: top_fsm_system
INFO: [Device 21-403] Loading part xc7a35tcpg236-1
---------------------------------------------------------------------------------
Starting RTL Elaboration : Time (s): cpu = 00:00:05 ; elapsed = 00:00:07 . Memory (MB): peak = 1399.625 ; gain = 227.855
---------------------------------------------------------------------------------
INFO: [Synth 8-6157] synthesizing module 'top_fsm_system' [C:/Users/abbas/Vivado/CA Labs/Lab 05/srcs/skeleton_top_fsm.v:12]
	Parameter WAIT_INPUT bound to: 1'b0 
	Parameter COUNTDOWN bound to: 1'b1 
INFO: [Synth 8-6157] synthesizing module 'debouncer' [C:/Users/abbas/Vivado/CA Labs/Lab 05/srcs/debouncer.v:13]
INFO: [Synth 8-6155] done synthesizing module 'debouncer' (1#1) [C:/Users/abbas/Vivado/CA Labs/Lab 05/srcs/debouncer.v:13]
INFO: [Synth 8-6157] synthesizing module 'leds' [C:/Users/abbas/Vivado/CA Labs/Lab 05/srcs/leds.v:13]
INFO: [Synth 8-6155] done synthesizing module 'leds' (2#1) [C:/Users/abbas/Vivado/CA Labs/Lab 05/srcs/leds.v:13]
INFO: [Synth 8-6157] synthesizing module 'switches' [C:/Users/abbas/Vivado/CA Labs/Lab 05/srcs/switches.v:13]
INFO: [Synth 8-6155] done synthesizing module 'switches' (3#1) [C:/Users/abbas/Vivado/CA Labs/Lab 05/srcs/switches.v:13]
INFO: [Synth 8-6157] synthesizing module 'clock_divider' [C:/Users/abbas/Vivado/CA Labs/Lab 05/srcs/clock_divider.v:13]
	Parameter MAX_COUNT bound to: 2 - type: integer 
INFO: [Synth 8-6155] done synthesizing module 'clock_divider' (4#1) [C:/Users/abbas/Vivado/CA Labs/Lab 05/srcs/clock_divider.v:13]
INFO: [Synth 8-226] default block is never used [C:/Users/abbas/Vivado/CA Labs/Lab 05/srcs/skeleton_top_fsm.v:73]
INFO: [Synth 8-6155] done synthesizing module 'top_fsm_system' (5#1) [C:/Users/abbas/Vivado/CA Labs/Lab 05/srcs/skeleton_top_fsm.v:12]
---------------------------------------------------------------------------------
Finished RTL Elaboration : Time (s): cpu = 00:00:07 ; elapsed = 00:00:09 . Memory (MB): peak = 1476.031 ; gain = 304.262
---------------------------------------------------------------------------------
---------------------------------------------------------------------------------
Start Handling Custom Attributes
---------------------------------------------------------------------------------
---------------------------------------------------------------------------------
Finished Handling Custom Attributes : Time (s): cpu = 00:00:08 ; elapsed = 00:00:09 . Memory (MB): peak = 1476.031 ; gain = 304.262
---------------------------------------------------------------------------------
---------------------------------------------------------------------------------
Finished RTL Optimization Phase 1 : Time (s): cpu = 00:00:08 ; elapsed = 00:00:09 . Memory (MB): peak = 1476.031 ; gain = 304.262
---------------------------------------------------------------------------------
Netlist sorting complete. Time (s): cpu = 00:00:00 ; elapsed = 00:00:00.006 . Memory (MB): peak = 1476.031 ; gain = 0.000
INFO: [Project 1-570] Preparing netlist for logic optimization

Processing XDC Constraints
Initializing timing engine
Completed Processing XDC Constraints

INFO: [Opt 31-138] Pushed 0 inverter(s) to 0 load pin(s).
Netlist sorting complete. Time (s): cpu = 00:00:00 ; elapsed = 00:00:00 . Memory (MB): peak = 1539.008 ; gain = 0.000
INFO: [Project 1-111] Unisim Transformation Summary:
No Unisim elements were transformed.

RTL Elaboration Complete:  : Time (s): cpu = 00:00:20 ; elapsed = 00:00:16 . Memory (MB): peak = 1563.629 ; gain = 391.859
15 Infos, 0 Warnings, 0 Critical Warnings and 0 Errors encountered.
synth_design completed successfully
synth_design: Time (s): cpu = 00:00:27 ; elapsed = 00:00:33 . Memory (MB): peak = 1563.629 ; gain = 536.625
close_sim
INFO: [Simtcl 6-16] Simulation closed
close_sim: Time (s): cpu = 00:00:04 ; elapsed = 00:00:05 . Memory (MB): peak = 1568.676 ; gain = 0.000
launch_simulation
Command: launch_simulation 
INFO: [Vivado 12-5682] Launching behavioral simulation in 'C:/Users/abbas/Vivado/CA Labs/Lab 05/Lab 05.sim/sim_1/behav/xsim'
INFO: [SIM-utils-51] Simulation object is 'sim_1'
INFO: [SIM-utils-54] Inspecting design source files for 'tb_top_fsm' in fileset 'sim_1'...
INFO: [USF-XSim-97] Finding global include files...
INFO: [USF-XSim-98] Fetching design files from 'sim_1'...
INFO: [USF-XSim-2] XSim::Compile design
INFO: [USF-XSim-61] Executing 'COMPILE and ANALYZE' step in 'C:/Users/abbas/Vivado/CA Labs/Lab 05/Lab 05.sim/sim_1/behav/xsim'
"xvlog --incr --relax -prj tb_top_fsm_vlog.prj"
INFO: [USF-XSim-69] 'compile' step finished in '1' seconds
INFO: [USF-XSim-3] XSim::Elaborate design
INFO: [USF-XSim-61] Executing 'ELABORATE' step in 'C:/Users/abbas/Vivado/CA Labs/Lab 05/Lab 05.sim/sim_1/behav/xsim'
"xelab -wto d84198c00aec4dd195bbe9f9b2a16950 --incr --debug typical --relax --mt 2 -L xil_defaultlib -L unisims_ver -L unimacro_ver -L secureip --snapshot tb_top_fsm_behav xil_defaultlib.tb_top_fsm xil_defaultlib.glbl -log elaborate.log"
Vivado Simulator 2020.1
Copyright 1986-1999, 2001-2020 Xilinx, Inc. All Rights Reserved.
Running: C:/Xilinx/Vivado/2020.1/bin/unwrapped/win64.o/xelab.exe -wto d84198c00aec4dd195bbe9f9b2a16950 --incr --debug typical --relax --mt 2 -L xil_defaultlib -L unisims_ver -L unimacro_ver -L secureip --snapshot tb_top_fsm_behav xil_defaultlib.tb_top_fsm xil_defaultlib.glbl -log elaborate.log 
Using 2 slave threads.
Starting static elaboration
Pass Through NonSizing Optimizer
Completed static elaboration
INFO: [XSIM 43-4323] No Change in HDL. Linking previously generated obj files to create kernel
INFO: [USF-XSim-69] 'elaborate' step finished in '2' seconds
INFO: [USF-XSim-4] XSim::Simulate design
INFO: [USF-XSim-61] Executing 'SIMULATE' step in 'C:/Users/abbas/Vivado/CA Labs/Lab 05/Lab 05.sim/sim_1/behav/xsim'
INFO: [USF-XSim-98] *** Running xsim
   with args "tb_top_fsm_behav -key {Behavioral:sim_1:Functional:tb_top_fsm} -tclbatch {tb_top_fsm.tcl} -log {simulate.log}"
INFO: [USF-XSim-8] Loading simulator feature
Vivado Simulator 2020.1
Time resolution is 1 ps
source tb_top_fsm.tcl
# set curr_wave [current_wave_config]
# if { [string length $curr_wave] == 0 } {
#   if { [llength [get_objects]] > 0} {
#     add_wave /
#     set_property needs_save false [current_wave_config]
#   } else {
#      send_msg_id Add_Wave-1 WARNING "No top level signals found. Simulator will start without a wave window. If you want to open a wave window go to 'File->New Waveform Configuration' or type 'create_wave_config' in the TCL console."
#   }
# }
# run 1000ns
$finish called at time : 780 ns : File "C:/Users/abbas/Vivado/CA Labs/Lab 05/Lab 05.srcs/sim_1/new/tb_top_fsm.v" Line 50
INFO: [USF-XSim-96] XSim completed. Design snapshot 'tb_top_fsm_behav' loaded.
INFO: [USF-XSim-97] XSim simulation ran for 1000ns
launch_simulation: Time (s): cpu = 00:00:03 ; elapsed = 00:00:07 . Memory (MB): peak = 1568.676 ; gain = 0.000
close_sim
INFO: [Simtcl 6-16] Simulation closed
launch_simulation
Command: launch_simulation 
INFO: [Vivado 12-5682] Launching behavioral simulation in 'C:/Users/abbas/Vivado/CA Labs/Lab 05/Lab 05.sim/sim_1/behav/xsim'
INFO: [SIM-utils-51] Simulation object is 'sim_1'
INFO: [SIM-utils-54] Inspecting design source files for 'tb_top_fsm' in fileset 'sim_1'...
INFO: [USF-XSim-97] Finding global include files...
INFO: [USF-XSim-98] Fetching design files from 'sim_1'...
INFO: [USF-XSim-2] XSim::Compile design
INFO: [USF-XSim-61] Executing 'COMPILE and ANALYZE' step in 'C:/Users/abbas/Vivado/CA Labs/Lab 05/Lab 05.sim/sim_1/behav/xsim'
"xvlog --incr --relax -prj tb_top_fsm_vlog.prj"
INFO: [USF-XSim-69] 'compile' step finished in '1' seconds
INFO: [USF-XSim-3] XSim::Elaborate design
INFO: [USF-XSim-61] Executing 'ELABORATE' step in 'C:/Users/abbas/Vivado/CA Labs/Lab 05/Lab 05.sim/sim_1/behav/xsim'
"xelab -wto d84198c00aec4dd195bbe9f9b2a16950 --incr --debug typical --relax --mt 2 -L xil_defaultlib -L unisims_ver -L unimacro_ver -L secureip --snapshot tb_top_fsm_behav xil_defaultlib.tb_top_fsm xil_defaultlib.glbl -log elaborate.log"
Vivado Simulator 2020.1
Copyright 1986-1999, 2001-2020 Xilinx, Inc. All Rights Reserved.
Running: C:/Xilinx/Vivado/2020.1/bin/unwrapped/win64.o/xelab.exe -wto d84198c00aec4dd195bbe9f9b2a16950 --incr --debug typical --relax --mt 2 -L xil_defaultlib -L unisims_ver -L unimacro_ver -L secureip --snapshot tb_top_fsm_behav xil_defaultlib.tb_top_fsm xil_defaultlib.glbl -log elaborate.log 
Using 2 slave threads.
Starting static elaboration
Pass Through NonSizing Optimizer
Completed static elaboration
INFO: [XSIM 43-4323] No Change in HDL. Linking previously generated obj files to create kernel
INFO: [USF-XSim-69] 'elaborate' step finished in '2' seconds
INFO: [USF-XSim-4] XSim::Simulate design
INFO: [USF-XSim-61] Executing 'SIMULATE' step in 'C:/Users/abbas/Vivado/CA Labs/Lab 05/Lab 05.sim/sim_1/behav/xsim'
INFO: [USF-XSim-98] *** Running xsim
   with args "tb_top_fsm_behav -key {Behavioral:sim_1:Functional:tb_top_fsm} -tclbatch {tb_top_fsm.tcl} -log {simulate.log}"
INFO: [USF-XSim-8] Loading simulator feature
Vivado Simulator 2020.1
Time resolution is 1 ps
source tb_top_fsm.tcl
# set curr_wave [current_wave_config]
# if { [string length $curr_wave] == 0 } {
#   if { [llength [get_objects]] > 0} {
#     add_wave /
#     set_property needs_save false [current_wave_config]
#   } else {
#      send_msg_id Add_Wave-1 WARNING "No top level signals found. Simulator will start without a wave window. If you want to open a wave window go to 'File->New Waveform Configuration' or type 'create_wave_config' in the TCL console."
#   }
# }
# run 1000ns
$finish called at time : 780 ns : File "C:/Users/abbas/Vivado/CA Labs/Lab 05/Lab 05.srcs/sim_1/new/tb_top_fsm.v" Line 50
INFO: [USF-XSim-96] XSim completed. Design snapshot 'tb_top_fsm_behav' loaded.
INFO: [USF-XSim-97] XSim simulation ran for 1000ns
launch_simulation: Time (s): cpu = 00:00:04 ; elapsed = 00:00:07 . Memory (MB): peak = 1616.414 ; gain = 0.000
current_wave_config {Untitled 3}
Untitled 3
add_wave {{/tb_top_fsm/uut/slow_clk}} 
relaunch_sim
Command: launch_simulation -simset sim_1 -mode behavioral
INFO: [Vivado 12-5682] Launching behavioral simulation in 'C:/Users/abbas/Vivado/CA Labs/Lab 05/Lab 05.sim/sim_1/behav/xsim'
INFO: [SIM-utils-51] Simulation object is 'sim_1'
INFO: [SIM-utils-54] Inspecting design source files for 'tb_top_fsm' in fileset 'sim_1'...
INFO: [USF-XSim-97] Finding global include files...
INFO: [USF-XSim-98] Fetching design files from 'sim_1'...
INFO: [USF-XSim-2] XSim::Compile design
INFO: [USF-XSim-61] Executing 'COMPILE and ANALYZE' step in 'C:/Users/abbas/Vivado/CA Labs/Lab 05/Lab 05.sim/sim_1/behav/xsim'
"xvlog --incr --relax -prj tb_top_fsm_vlog.prj"
INFO: [USF-XSim-69] 'compile' step finished in '2' seconds
Command: launch_simulation -simset sim_1 -mode behavioral
INFO: [Vivado 12-5682] Launching behavioral simulation in 'C:/Users/abbas/Vivado/CA Labs/Lab 05/Lab 05.sim/sim_1/behav/xsim'
INFO: [USF-XSim-3] XSim::Elaborate design
INFO: [USF-XSim-61] Executing 'ELABORATE' step in 'C:/Users/abbas/Vivado/CA Labs/Lab 05/Lab 05.sim/sim_1/behav/xsim'
"xelab -wto d84198c00aec4dd195bbe9f9b2a16950 --incr --debug typical --relax --mt 2 -L xil_defaultlib -L unisims_ver -L unimacro_ver -L secureip --snapshot tb_top_fsm_behav xil_defaultlib.tb_top_fsm xil_defaultlib.glbl -log elaborate.log"
Vivado Simulator 2020.1
Copyright 1986-1999, 2001-2020 Xilinx, Inc. All Rights Reserved.
Running: C:/Xilinx/Vivado/2020.1/bin/unwrapped/win64.o/xelab.exe -wto d84198c00aec4dd195bbe9f9b2a16950 --incr --debug typical --relax --mt 2 -L xil_defaultlib -L unisims_ver -L unimacro_ver -L secureip --snapshot tb_top_fsm_behav xil_defaultlib.tb_top_fsm xil_defaultlib.glbl -log elaborate.log 
Using 2 slave threads.
Starting static elaboration
Pass Through NonSizing Optimizer
Completed static elaboration
INFO: [XSIM 43-4323] No Change in HDL. Linking previously generated obj files to create kernel
INFO: [USF-XSim-69] 'elaborate' step finished in '1' seconds
Vivado Simulator 2020.1
Time resolution is 1 ps
$finish called at time : 780 ns : File "C:/Users/abbas/Vivado/CA Labs/Lab 05/Lab 05.srcs/sim_1/new/tb_top_fsm.v" Line 50
relaunch_sim: Time (s): cpu = 00:00:01 ; elapsed = 00:00:06 . Memory (MB): peak = 1617.191 ; gain = 0.000
close_sim
INFO: [Simtcl 6-16] Simulation closed
exit
INFO: [Common 17-206] Exiting Vivado at Sun Sep 27 23:34:45 2026...
